============================= test session starts =============================
platform win32 -- Python 3.13.7, pytest-8.4.2, pluggy-1.6.0
rootdir: C:\Users\licis\OneDrive\Documentos\GitHub\ia_fitness_poc
plugins: anyio-4.11.0, langsmith-0.4.41
collected 0 items / 1 error

=================================== ERRORS ====================================
________________ ERROR collecting tests/test_rate_limiting.py _________________
ImportError while importing test module 'C:\Users\licis\OneDrive\Documentos\GitHub\ia_fitness_poc\tests\test_rate_limiting.py'.
Hint: make sure your test modules/packages have valid Python names.
Traceback:
..\..\..\..\AppData\Local\Programs\Python\Python313\Lib\importlib\__init__.py:88: in import_module
    return _bootstrap._gcd_import(name[level:], package, level)
           ^^^^^^^^^^^^^^^^^^^^^^^^^^^^^^^^^^^^^^^^^^^^^^^^^^^^
tests\test_rate_limiting.py:4: in <module>
    from extensions import limiter
E   ModuleNotFoundError: No module named 'extensions'
=========================== short test summary info ===========================
ERROR tests/test_rate_limiting.py
!!!!!!!!!!!!!!!!!!! Interrupted: 1 error during collection !!!!!!!!!!!!!!!!!!!!
============================== 1 error in 0.22s ===============================
